// Jest Snapshot v1, https://goo.gl/fbAQLP

exports[`renders the name of the app 1`] = `
<div
  className="App"
>
  <header
    className="App-header"
  >
    <h1
      className="App-title"
    >
      Minesweeper
    </h1>
  </header>
  <Grid
    grid={
      Array [
        Array [
          "0",
          "0",
          "0",
          "0",
          "0",
          "1",
          "*",
          "1",
          "0",
        ],
        Array [
          "0",
          "0",
          "0",
          "0",
          "0",
          "1",
          "1",
          "1",
          "0",
        ],
        Array [
          "0",
          "0",
          "1",
          "1",
          "1",
          "0",
          "0",
          "0",
          "0",
        ],
        Array [
          "0",
          "0",
          "1",
          "*",
          "1",
          "1",
          "1",
          "2",
          "1",
        ],
        Array [
          "1",
          "1",
          "1",
          "1",
          "1",
          "1",
          "*",
          "2",
          "*",
        ],
        Array [
          "*",
          "1",
          "0",
          "0",
          "0",
          "1",
          "1",
          "3",
          "2",
        ],
        Array [
          "1",
          "1",
          "0",
          "0",
          "0",
          "0",
          "0",
          "1",
          "*",
        ],
        Array [
          "1",
          "1",
          "1",
          "1",
          "2",
          "2",
          "1",
          "1",
          "1",
        ],
        Array [
          "1",
          "*",
          "1",
          "1",
          "*",
          "*",
          "1",
          "0",
          "0",
        ],
      ]
    }
  />
</div>
`;
